#
# There is insufficient memory for the Java Runtime Environment to continue.
# Native memory allocation (mmap) failed to map 1073741824 bytes. Error detail: G1 virtual space
# Possible reasons:
#   The system is out of physical RAM or swap space
#   This process is running with CompressedOops enabled, and the Java Heap may be blocking the growth of the native heap
# Possible solutions:
#   Reduce memory load on the system
#   Increase physical memory or swap space
#   Check if swap backing store is full
#   Decrease Java heap size (-Xmx/-Xms)
#   Decrease number of Java threads
#   Decrease Java thread stack sizes (-Xss)
#   Set larger code cache with -XX:ReservedCodeCacheSize=
#   JVM is running with Zero Based Compressed Oops mode in which the Java heap is
#     placed in the first 32GB address space. The Java Heap base address is the
#     maximum limit for the native heap growth. Please use -XX:HeapBaseMinAddress
#     to set the Java Heap base and to place the Java Heap above 32GB virtual address.
# This output file may be truncated or incomplete.
#
#  Out of Memory Error (os_windows.cpp:3825), pid=198772, tid=198792
#
# JRE version:  (17.0.11+1) (build )
# Java VM: OpenJDK 64-Bit Server VM (17.0.11+1-b1207.24, mixed mode, sharing, tiered, compressed oops, compressed class ptrs, g1 gc, windows-amd64)
# No core dump will be written. Minidumps are not enabled by default on client versions of Windows
#

---------------  S U M M A R Y ------------

Command Line: externalApp.nativessh.NativeSshAskPassApp Enter passphrase for key '/c/Users/valex/.ssh/XZXMXLNGMGHLJGXHHPYK': 

Host: AMD Ryzen 5 5600X 6-Core Processor             , 12 cores, 63G,  Windows 11 , 64 bit Build 22621 (10.0.22621.3958)
Time: Tue Jul 30 20:30:25 2024  Windows 11 , 64 bit Build 22621 (10.0.22621.3958) elapsed time: 0.050436 seconds (0d 0h 0m 0s)

---------------  T H R E A D  ---------------

Current thread (0x000002c7d823f480):  JavaThread "Unknown thread" [_thread_in_vm, id=198792, stack(0x000000c98cd00000,0x000000c98ce00000)]

Stack: [0x000000c98cd00000,0x000000c98ce00000]
Native frames: (J=compiled Java code, j=interpreted, Vv=VM code, C=native code)
V  [jvm.dll+0x6877f9]
V  [jvm.dll+0x8411aa]
V  [jvm.dll+0x842e2e]
V  [jvm.dll+0x843493]
V  [jvm.dll+0x249fdf]
V  [jvm.dll+0x6845c9]
V  [jvm.dll+0x678e7a]
V  [jvm.dll+0x30ab4b]
V  [jvm.dll+0x311ff6]
V  [jvm.dll+0x361a5e]
V  [jvm.dll+0x361c8f]
V  [jvm.dll+0x2e0978]
V  [jvm.dll+0x2e18e4]
V  [jvm.dll+0x811c71]
V  [jvm.dll+0x36f7c8]
V  [jvm.dll+0x7f05f6]
V  [jvm.dll+0x3f398f]
V  [jvm.dll+0x3f5541]
C  [jli.dll+0x528f]
C  [ucrtbase.dll+0x29333]
C  [KERNEL32.DLL+0x1257d]
C  [ntdll.dll+0x5af28]


---------------  P R O C E S S  ---------------

Threads class SMR info:
_java_thread_list=0x00007ffaedc1efd8, length=0, elements={
}

Java Threads: ( => current thread )

Other Threads:
  0x000002c7d82ee500 GCTaskThread "GC Thread#0" [stack: 0x000000c98ce00000,0x000000c98cf00000] [id=198796]
  0x000002c7d82eec60 ConcurrentGCThread "G1 Main Marker" [stack: 0x000000c98cf00000,0x000000c98d000000] [id=198800]
  0x000002c7f0f63ca0 ConcurrentGCThread "G1 Conc#0" [stack: 0x000000c98d000000,0x000000c98d100000] [id=198804]

[error occurred during error reporting (printing all threads), id 0xc0000005, EXCEPTION_ACCESS_VIOLATION (0xc0000005) at pc=0x00007ffaed3d1547]

VM state: not at safepoint (not fully initialized)

VM Mutex/Monitor currently owned by a thread:  ([mutex/lock_event])
[0x000002c7d823a1e0] Heap_lock - owner thread: 0x000002c7d823f480

Heap address: 0x0000000401800000, size: 16360 MB, Compressed Oops mode: Zero based, Oop shift amount: 3

CDS archive(s) mapped at: [0x0000000000000000-0x0000000000000000-0x0000000000000000), size 0, SharedBaseAddress: 0x0000000800000000, ArchiveRelocationMode: 1.
Narrow klass base: 0x0000000000000000, Narrow klass shift: 0, Narrow klass range: 0x0

GC Precious Log:
<Empty>

Heap:
 garbage-first heap   total 0K, used 0K [0x0000000401800000, 0x0000000800000000)
  region size 8192K, 0 young (0K), 0 survivors (0K)
 Metaspace       used 0K, committed 0K, reserved 0K
  class space    used 0K, committed 0K, reserved 0K

Heap Regions: E=young(eden), S=young(survivor), O=old, HS=humongous(starts), HC=humongous(continues), CS=collection set, F=free, OA=open archive, CA=closed archive, TAMS=top-at-mark-start (previous, next)

Card table byte_map: [0x000002c7ecf10000,0x000002c7eef10000] _byte_map_base: 0x000002c7eaf04000

Marking Bits (Prev, Next): (CMBitMap*) 0x000002c7f0f51fc0, (CMBitMap*) 0x000002c7f0f52000
 Prev Bits: [0x000002c780000000, 0x000002c78ffa0000)
 Next Bits: [0x000002c78ffa0000, 0x000002c79ff40000)

GC Heap History (0 events):
No events

Dll operation events (1 events):
Event: 0.009 Loaded shared library C:\Program Files\JetBrains\IntelliJ IDEA 2022.3.1\jbr\bin\java.dll

Deoptimization events (0 events):
No events

Classes unloaded (0 events):
No events

Classes redefined (0 events):
No events

Internal exceptions (0 events):
No events

VM Operations (0 events):
No events

Events (0 events):
No events


Dynamic libraries:
0x00007ff648a80000 - 0x00007ff648a8a000 	C:\Program Files\JetBrains\IntelliJ IDEA 2022.3.1\jbr\bin\java.exe
0x00007ffb77c10000 - 0x00007ffb77e27000 	C:\Windows\SYSTEM32\ntdll.dll
0x00007ffb75fe0000 - 0x00007ffb760a4000 	C:\Windows\System32\KERNEL32.DLL
0x00007ffb75590000 - 0x00007ffb7593d000 	C:\Windows\System32\KERNELBASE.dll
0x00007ffb75470000 - 0x00007ffb75581000 	C:\Windows\System32\ucrtbase.dll
0x00007ffb53620000 - 0x00007ffb53637000 	C:\Program Files\JetBrains\IntelliJ IDEA 2022.3.1\jbr\bin\jli.dll
0x00007ffb76a60000 - 0x00007ffb76c0e000 	C:\Windows\System32\USER32.dll
0x00007ffb75310000 - 0x00007ffb75336000 	C:\Windows\System32\win32u.dll
0x00007ffb77af0000 - 0x00007ffb77b19000 	C:\Windows\System32\GDI32.dll
0x00007ffb751f0000 - 0x00007ffb75309000 	C:\Windows\System32\gdi32full.dll
0x00007ffb75120000 - 0x00007ffb751ba000 	C:\Windows\System32\msvcp_win.dll
0x00007ffb559b0000 - 0x00007ffb559cb000 	C:\Program Files\JetBrains\IntelliJ IDEA 2022.3.1\jbr\bin\VCRUNTIME140.dll
0x00007ffb5e180000 - 0x00007ffb5e413000 	C:\Windows\WinSxS\amd64_microsoft.windows.common-controls_6595b64144ccf1df_6.0.22621.3672_none_2713b9d173822955\COMCTL32.dll
0x00007ffb77060000 - 0x00007ffb77107000 	C:\Windows\System32\msvcrt.dll
0x00007ffb76eb0000 - 0x00007ffb76ee1000 	C:\Windows\System32\IMM32.DLL
0x00007ffb685c0000 - 0x00007ffb685cc000 	C:\Program Files\JetBrains\IntelliJ IDEA 2022.3.1\jbr\bin\vcruntime140_1.dll
0x00007ffb48260000 - 0x00007ffb482ed000 	C:\Program Files\JetBrains\IntelliJ IDEA 2022.3.1\jbr\bin\msvcp140.dll
0x00007ffaed0e0000 - 0x00007ffaedd63000 	C:\Program Files\JetBrains\IntelliJ IDEA 2022.3.1\jbr\bin\server\jvm.dll
0x00007ffb76920000 - 0x00007ffb769d2000 	C:\Windows\System32\ADVAPI32.dll
0x00007ffb75ab0000 - 0x00007ffb75b59000 	C:\Windows\System32\sechost.dll
0x00007ffb751c0000 - 0x00007ffb751e8000 	C:\Windows\System32\bcrypt.dll
0x00007ffb76ca0000 - 0x00007ffb76db4000 	C:\Windows\System32\RPCRT4.dll
0x00007ffb746a0000 - 0x00007ffb746ed000 	C:\Windows\SYSTEM32\POWRPROF.dll
0x00007ffb528f0000 - 0x00007ffb528f9000 	C:\Windows\SYSTEM32\WSOCK32.dll
0x00007ffb76dc0000 - 0x00007ffb76e31000 	C:\Windows\System32\WS2_32.dll
0x00007ffb6f2c0000 - 0x00007ffb6f2f4000 	C:\Windows\SYSTEM32\WINMM.dll
0x00007ffb6b770000 - 0x00007ffb6b77a000 	C:\Windows\SYSTEM32\VERSION.dll
0x00007ffb74630000 - 0x00007ffb74643000 	C:\Windows\SYSTEM32\UMPDC.dll
0x00007ffb73f20000 - 0x00007ffb73f38000 	C:\Windows\SYSTEM32\kernel.appcore.dll
0x00007ffb71c50000 - 0x00007ffb71c5a000 	C:\Program Files\JetBrains\IntelliJ IDEA 2022.3.1\jbr\bin\jimage.dll
0x00007ffb72720000 - 0x00007ffb72952000 	C:\Windows\SYSTEM32\DBGHELP.DLL
0x00007ffb77590000 - 0x00007ffb7791d000 	C:\Windows\System32\combase.dll
0x00007ffb75940000 - 0x00007ffb75a17000 	C:\Windows\System32\OLEAUT32.dll
0x00007ffb5edd0000 - 0x00007ffb5ee02000 	C:\Windows\SYSTEM32\dbgcore.DLL
0x00007ffb74f30000 - 0x00007ffb74fab000 	C:\Windows\System32\bcryptPrimitives.dll
0x00007ffb5ee50000 - 0x00007ffb5ee75000 	C:\Program Files\JetBrains\IntelliJ IDEA 2022.3.1\jbr\bin\java.dll

dbghelp: loaded successfully - version: 4.0.5 - missing functions: none
symbol engine: initialized successfully - sym options: 0x614 - pdb path: .;C:\Program Files\JetBrains\IntelliJ IDEA 2022.3.1\jbr\bin;C:\Windows\SYSTEM32;C:\Windows\WinSxS\amd64_microsoft.windows.common-controls_6595b64144ccf1df_6.0.22621.3672_none_2713b9d173822955;C:\Program Files\JetBrains\IntelliJ IDEA 2022.3.1\jbr\bin\server

VM Arguments:
java_command: externalApp.nativessh.NativeSshAskPassApp Enter passphrase for key '/c/Users/valex/.ssh/XZXMXLNGMGHLJGXHHPYK': 
java_class_path (initial): C:/Program Files/JetBrains/IntelliJ IDEA 2022.3.1/lib/externalProcess-rt.jar
Launcher Type: SUN_STANDARD

[Global flags]
     intx CICompilerCount                          = 4                                         {product} {ergonomic}
     uint ConcGCThreads                            = 3                                         {product} {ergonomic}
     uint G1ConcRefinementThreads                  = 10                                        {product} {ergonomic}
   size_t G1HeapRegionSize                         = 8388608                                   {product} {ergonomic}
    uintx GCDrainStackTargetSize                   = 64                                        {product} {ergonomic}
   size_t InitialHeapSize                          = 1073741824                                {product} {ergonomic}
   size_t MarkStackSize                            = 4194304                                   {product} {ergonomic}
   size_t MaxHeapSize                              = 17154703360                               {product} {ergonomic}
   size_t MinHeapDeltaBytes                        = 8388608                                   {product} {ergonomic}
   size_t MinHeapSize                              = 8388608                                   {product} {ergonomic}
    uintx NonNMethodCodeHeapSize                   = 5839372                                {pd product} {ergonomic}
    uintx NonProfiledCodeHeapSize                  = 122909434                              {pd product} {ergonomic}
    uintx ProfiledCodeHeapSize                     = 122909434                              {pd product} {ergonomic}
    uintx ReservedCodeCacheSize                    = 251658240                              {pd product} {ergonomic}
     bool SegmentedCodeCache                       = true                                      {product} {ergonomic}
   size_t SoftMaxHeapSize                          = 17154703360                            {manageable} {ergonomic}
     bool UseCompressedClassPointers               = true                           {product lp64_product} {ergonomic}
     bool UseCompressedOops                        = true                           {product lp64_product} {ergonomic}
     bool UseG1GC                                  = true                                      {product} {ergonomic}
     bool UseLargePagesIndividualAllocation        = false                                  {pd product} {ergonomic}

Logging:
Log output configuration:
 #0: stdout all=warning uptime,level,tags
 #1: stderr all=off uptime,level,tags

Environment Variables:
JAVA_HOME=C:\Program Files\Java\jdk-17
PATH=C:\Program Files\Git\mingw64\libexec\git-core;C:\Program Files\Git\mingw64\bin;C:\Program Files\Git\usr\bin;C:\Users\valex\bin;C:\Python312\Scripts;C:\Python312;C:\Program Files\Oculus\Support\oculus-runtime;C:\Program Files\NVIDIA GPU Computing Toolkit\CUDA\v12.2\bin;C:\Program Files\NVIDIA GPU Computing Toolkit\CUDA\v12.2\libnvvp;C:\Program Files (x86)\VMware\VMware Workstation\bin;C:\Windows\system32;C:\Windows;C:\Windows\System32\Wbem;C:\Windows\System32\WindowsPowerShell\v1.0;C:\Windows\System32\OpenSSH;C:\Program Files (x86)\NVIDIA Corporation\PhysX\Common;C:\Program Files\NVIDIA Corporation\NVIDIA NvDLISR;C:\Program Files\Git\cmd;C:\ProgramData\chocolatey\bin;C:\Program Files\Java\jdk-17\bin;C:\Program Files\dotnet;C:\Program Files\NVIDIA Corporation\Nsight Compute 2023.2.0;C:\Program Files\nodejs;C:\Program Files\Docker\Docker\resources\bin;C:\Users\valex\AppData\Local\Microsoft\WindowsApps;C:\Users\valex\AppData\Local\Programs\Microsoft VS Code\bin;C:\Program Files (x86)\apache-maven-3.8.7\bin;C:\Program Files\Java\jdk-17\bin;C:\Program Files\hashcat-6.2.6;C:\Program Files\gradle-8.2.1\bin;C:\Users\valex\AppData\Roaming\npm
USERNAME=valex
DISPLAY=:0.0
LC_ALL=en_US.UTF-8
TERM=xterm-256color
TMPDIR=C:\Users\valex\AppData\Local\Temp
OS=Windows_NT
PROCESSOR_IDENTIFIER=AMD64 Family 25 Model 33 Stepping 2, AuthenticAMD
TMP=C:\Users\valex\AppData\Local\Temp
TEMP=C:\Users\valex\AppData\Local\Temp



Periodic native trim disabled

JNI global refs:
JNI global refs: 0, weak refs: 0

JNI global refs memory usage: 0, weak refs: 0

Process memory usage:
Resident Set Size: 12176K (0% of 67010424K total physical memory with 2146364K free physical memory)

OOME stack traces (most recent first):
Classloader memory used:


---------------  S Y S T E M  ---------------

OS:
 Windows 11 , 64 bit Build 22621 (10.0.22621.3958)
OS uptime: 1 days 23:59 hours
Hyper-V role detected

CPU: total 12 (initial active 12) (12 cores per cpu, 2 threads per core) family 25 model 33 stepping 2 microcode 0x0, cx8, cmov, fxsr, ht, mmx, 3dnowpref, sse, sse2, sse3, ssse3, sse4a, sse4.1, sse4.2, popcnt, lzcnt, tsc, tscinvbit, avx, avx2, aes, erms, clmul, bmi1, bmi2, adx, sha, fma, vzeroupper, clflush, clflushopt, hv
Processor Information for all 12 processors :
  Max Mhz: 3701, Current Mhz: 3701, Mhz Limit: 3701

Memory: 4k page, system-wide physical 65439M (2096M free)
TotalPageFile size 124963M (AvailPageFile size 542M)
current process WorkingSet (physical memory assigned to process): 11M, peak: 11M
current process commit charge ("private bytes"): 65M, peak: 1089M

vm_info: OpenJDK 64-Bit Server VM (17.0.11+1-b1207.24) for windows-amd64 JRE (17.0.11+1-b1207.24), built on 2024-05-15 by "builduser" with MS VC++ 16.10 / 16.11 (VS2019)

END.
